wafer7@CSIT345:~/leswork$ git commit -m "CI pipeline"
On branch main
Your branch is ahead of 'origin/main' by 1 commit.
  (use "git push" to publish your local commits)

Changes not staged for commit:
  (use "git add/rm <file>..." to update what will be committed)
  (use "git restore <file>..." to discard changes in working directory)
	deleted:    jenkinsfile

Untracked files:
  (use "git add <file>..." to include in what will be committed)
	src/main/java/com/example/leswork/HelloController.java

no changes added to commit (use "git add" and/or "git commit -a")
wafer7@CSIT345:~/leswork$ git push
To github.com:lesypoo/gs-lesy-poo.git
 ! [rejected]        main -> main (fetch first)
error: failed to push some refs to 'github.com:lesypoo/gs-lesy-poo.git'
hint: Updates were rejected because the remote contains work that you do
hint: not have locally. This is usually caused by another repository pushing
hint: to the same ref. You may want to first integrate the remote changes
hint: (e.g., 'git pull ...') before pushing again.
hint: See the 'Note about fast-forwards' in 'git push --help' for details.
wafer7@CSIT345:~/leswork$ git pull --rebase origin main
error: cannot pull with rebase: You have unstaged changes.
error: please commit or stash them.
wafer7@CSIT345:~/leswork$ 
